MPLINK 5.09, LINKER
Linker Map File - Created Mon Oct 08 18:15:41 2018

                                 Section Info
                  Section       Type    Address   Location Size(Bytes)
                ---------  ---------  ---------  ---------  ---------
                   .org_0       code   0x000000    program   0x00003e
                   .cinit    romdata   0x00003e    program   0x000002
.config_300001_BUILD/DEFAULT/PRODUCTION/NEWASMT    romdata   0x300001    program   0x000001
.config_300003_BUILD/DEFAULT/PRODUCTION/NEWASMT    romdata   0x300003    program   0x000001



                              Program Memory Usage 
                               Start         End      
                           ---------   ---------      
                            0x000000    0x00003f      
                            0x300001    0x300001      
                            0x300003    0x300003      
            66 out of 33048 program addresses used, program memory utilization is 0%



                              Symbols - Sorted by Name
                     Name    Address   Location    Storage File                     
                ---------  ---------  ---------  --------- ---------                
                       A1   0x000012    program     static D:\code\MCU\Lab2.X\newAsmTemplate.asm
                       A2   0x00001e    program     static D:\code\MCU\Lab2.X\newAsmTemplate.asm
                     PLUS   0x000034    program     static D:\code\MCU\Lab2.X\newAsmTemplate.asm



                              Symbols - Sorted by Address
                     Name    Address   Location    Storage File                     
                ---------  ---------  ---------  --------- ---------                
                       A1   0x000012    program     static D:\code\MCU\Lab2.X\newAsmTemplate.asm
                       A2   0x00001e    program     static D:\code\MCU\Lab2.X\newAsmTemplate.asm
                     PLUS   0x000034    program     static D:\code\MCU\Lab2.X\newAsmTemplate.asm


