MPLINK 5.09, LINKER
Linker Map File - Created Sat Jan 05 21:09:52 2019

                                 Section Info
                  Section       Type    Address   Location Size(Bytes)
                ---------  ---------  ---------  ---------  ---------
                   .org_1       code   0x000000    program   0x000004
                   .cinit    romdata   0x000004    program   0x000002
                   .org_2       code   0x000020    program   0x00024e
                    dbgP0       code   0x007dc0    program   0x000240
.config_300001_BUILD/DEFAULT/DEBUG/NEWASMTEMPLA    romdata   0x300001    program   0x000001
.config_300002_BUILD/DEFAULT/DEBUG/NEWASMTEMPLA    romdata   0x300002    program   0x000001
.config_300003_BUILD/DEFAULT/DEBUG/NEWASMTEMPLA    romdata   0x300003    program   0x000001
.config_300005_BUILD/DEFAULT/DEBUG/NEWASMTEMPLA    romdata   0x300005    program   0x000001
.config_300006_BUILD/DEFAULT/DEBUG/NEWASMTEMPLA    romdata   0x300006    program   0x000001
.config_300008_BUILD/DEFAULT/DEBUG/NEWASMTEMPLA    romdata   0x300008    program   0x000001
.config_300009_BUILD/DEFAULT/DEBUG/NEWASMTEMPLA    romdata   0x300009    program   0x000001
.config_30000A_BUILD/DEFAULT/DEBUG/NEWASMTEMPLA    romdata   0x30000a    program   0x000001
.config_30000B_BUILD/DEFAULT/DEBUG/NEWASMTEMPLA    romdata   0x30000b    program   0x000001
.config_30000C_BUILD/DEFAULT/DEBUG/NEWASMTEMPLA    romdata   0x30000c    program   0x000001
.config_30000D_BUILD/DEFAULT/DEBUG/NEWASMTEMPLA    romdata   0x30000d    program   0x000001
                    dbgD0      udata   0x0005f4       data   0x00000c



                              Program Memory Usage 
                               Start         End      
                           ---------   ---------      
                            0x000000    0x000005      
                            0x000020    0x00026d      
                            0x007dc0    0x007fff      
                            0x300001    0x300003      
                            0x300005    0x300006      
                            0x300008    0x30000d      
            1183 out of 33048 program addresses used, program memory utilization is 3%



                              Symbols - Sorted by Name
                     Name    Address   Location    Storage File                     
                ---------  ---------  ---------  --------- ---------                
             BlankLoopBot   0x00023c    program     static D:\code\MCU\Project.X\newAsmTemplate.asm
             BlankLoopTop   0x00004c    program     static D:\code\MCU\Project.X\newAsmTemplate.asm
               Delay10mkS   0x000260    program     static D:\code\MCU\Project.X\newAsmTemplate.asm
                    Loop0   0x00006e    program     static D:\code\MCU\Project.X\text.inc
                    Loop1   0x0000b0    program     static D:\code\MCU\Project.X\text.inc
                    Loop2   0x0000f2    program     static D:\code\MCU\Project.X\text.inc
                    Loop3   0x000134    program     static D:\code\MCU\Project.X\text.inc
                    Loop4   0x000176    program     static D:\code\MCU\Project.X\text.inc
                    Loop5   0x0001b8    program     static D:\code\MCU\Project.X\text.inc
                    Loop6   0x0001fa    program     static D:\code\MCU\Project.X\text.inc
                    LoopV   0x000026    program     static D:\code\MCU\Project.X\newAsmTemplate.asm
                    Start   0x000020    program     static D:\code\MCU\Project.X\newAsmTemplate.asm



                              Symbols - Sorted by Address
                     Name    Address   Location    Storage File                     
                ---------  ---------  ---------  --------- ---------                
                    Start   0x000020    program     static D:\code\MCU\Project.X\newAsmTemplate.asm
                    LoopV   0x000026    program     static D:\code\MCU\Project.X\newAsmTemplate.asm
             BlankLoopTop   0x00004c    program     static D:\code\MCU\Project.X\newAsmTemplate.asm
                    Loop0   0x00006e    program     static D:\code\MCU\Project.X\text.inc
                    Loop1   0x0000b0    program     static D:\code\MCU\Project.X\text.inc
                    Loop2   0x0000f2    program     static D:\code\MCU\Project.X\text.inc
                    Loop3   0x000134    program     static D:\code\MCU\Project.X\text.inc
                    Loop4   0x000176    program     static D:\code\MCU\Project.X\text.inc
                    Loop5   0x0001b8    program     static D:\code\MCU\Project.X\text.inc
                    Loop6   0x0001fa    program     static D:\code\MCU\Project.X\text.inc
             BlankLoopBot   0x00023c    program     static D:\code\MCU\Project.X\newAsmTemplate.asm
               Delay10mkS   0x000260    program     static D:\code\MCU\Project.X\newAsmTemplate.asm


