MPLINK 5.09, LINKER
Linker Map File - Created Mon Nov 05 19:27:27 2018

                                 Section Info
                  Section       Type    Address   Location Size(Bytes)
                ---------  ---------  ---------  ---------  ---------
                   .org_0       code   0x000000    program   0x0000b6
                   .cinit    romdata   0x0000b6    program   0x000002
.config_300001_BUILD/DEFAULT/PRODUCTION/NEWASMT    romdata   0x300001    program   0x000001
.config_300003_BUILD/DEFAULT/PRODUCTION/NEWASMT    romdata   0x300003    program   0x000001
.config_300006_BUILD/DEFAULT/PRODUCTION/NEWASMT    romdata   0x300006    program   0x000001



                              Program Memory Usage 
                               Start         End      
                           ---------   ---------      
                            0x000000    0x0000b7      
                            0x300001    0x300001      
                            0x300003    0x300003      
                            0x300006    0x300006      
            187 out of 33048 program addresses used, program memory utilization is 0%



                              Symbols - Sorted by Name
                     Name    Address   Location    Storage File                     
                ---------  ---------  ---------  --------- ---------                
                     INIT   0x000000    program     static D:\code\MCU\Lab6.X\newAsmTemplate.asm
                       S1   0x00000e    program     static D:\code\MCU\Lab6.X\newAsmTemplate.asm
                       S2   0x0000aa    program     static D:\code\MCU\Lab6.X\newAsmTemplate.asm
                  _1LOOP1   0x00001c    program     static D:\code\MCU\Lab6.X\newAsmTemplate.asm
                  _1LOOP2   0x000018    program     static D:\code\MCU\Lab6.X\newAsmTemplate.asm
                  _2LOOP1   0x000042    program     static D:\code\MCU\Lab6.X\newAsmTemplate.asm
                  _2LOOP2   0x00003e    program     static D:\code\MCU\Lab6.X\newAsmTemplate.asm
                  _3LOOP1   0x000068    program     static D:\code\MCU\Lab6.X\newAsmTemplate.asm
                  _3LOOP2   0x000064    program     static D:\code\MCU\Lab6.X\newAsmTemplate.asm
                  _4LOOP1   0x00008e    program     static D:\code\MCU\Lab6.X\newAsmTemplate.asm
                  _4LOOP2   0x00008a    program     static D:\code\MCU\Lab6.X\newAsmTemplate.asm



                              Symbols - Sorted by Address
                     Name    Address   Location    Storage File                     
                ---------  ---------  ---------  --------- ---------                
                     INIT   0x000000    program     static D:\code\MCU\Lab6.X\newAsmTemplate.asm
                       S1   0x00000e    program     static D:\code\MCU\Lab6.X\newAsmTemplate.asm
                  _1LOOP2   0x000018    program     static D:\code\MCU\Lab6.X\newAsmTemplate.asm
                  _1LOOP1   0x00001c    program     static D:\code\MCU\Lab6.X\newAsmTemplate.asm
                  _2LOOP2   0x00003e    program     static D:\code\MCU\Lab6.X\newAsmTemplate.asm
                  _2LOOP1   0x000042    program     static D:\code\MCU\Lab6.X\newAsmTemplate.asm
                  _3LOOP2   0x000064    program     static D:\code\MCU\Lab6.X\newAsmTemplate.asm
                  _3LOOP1   0x000068    program     static D:\code\MCU\Lab6.X\newAsmTemplate.asm
                  _4LOOP2   0x00008a    program     static D:\code\MCU\Lab6.X\newAsmTemplate.asm
                  _4LOOP1   0x00008e    program     static D:\code\MCU\Lab6.X\newAsmTemplate.asm
                       S2   0x0000aa    program     static D:\code\MCU\Lab6.X\newAsmTemplate.asm


