MPLINK 5.09, LINKER
Linker Map File - Created Mon Oct 22 18:23:44 2018

                                 Section Info
                  Section       Type    Address   Location Size(Bytes)
                ---------  ---------  ---------  ---------  ---------
                   .org_0       code   0x000000    program   0x000048
                   .cinit    romdata   0x000048    program   0x000002
.config_300001_BUILD/DEFAULT/PRODUCTION/NEWASMT    romdata   0x300001    program   0x000001
.config_300003_BUILD/DEFAULT/PRODUCTION/NEWASMT    romdata   0x300003    program   0x000001



                              Program Memory Usage 
                               Start         End      
                           ---------   ---------      
                            0x000000    0x000049      
                            0x300001    0x300001      
                            0x300003    0x300003      
            76 out of 33048 program addresses used, program memory utilization is 0%



                              Symbols - Sorted by Name
                     Name    Address   Location    Storage File                     
                ---------  ---------  ---------  --------- ---------                
                  Initial   0x000000    program     static D:\code\MCU\Lab4-2.X\newAsmTemplate.asm
                     exit   0x000048    program     static D:\code\MCU\Lab4-2.X\newAsmTemplate.asm
                   mclear   0x000034    program     static D:\code\MCU\Lab4-2.X\newAsmTemplate.asm



                              Symbols - Sorted by Address
                     Name    Address   Location    Storage File                     
                ---------  ---------  ---------  --------- ---------                
                  Initial   0x000000    program     static D:\code\MCU\Lab4-2.X\newAsmTemplate.asm
                   mclear   0x000034    program     static D:\code\MCU\Lab4-2.X\newAsmTemplate.asm
                     exit   0x000048    program     static D:\code\MCU\Lab4-2.X\newAsmTemplate.asm


