MPLINK 5.09, LINKER
Linker Map File - Created Tue Nov 20 16:09:09 2018

                                 Section Info
                  Section       Type    Address   Location Size(Bytes)
                ---------  ---------  ---------  ---------  ---------
                   .org_0       code   0x000000    program   0x000004
                   .cinit    romdata   0x000004    program   0x000002
                   .org_1       code   0x000008    program   0x0001bc
.config_300001_BUILD/DEFAULT/PRODUCTION/NEWASMT    romdata   0x300001    program   0x000001
.config_300002_BUILD/DEFAULT/PRODUCTION/NEWASMT    romdata   0x300002    program   0x000001
.config_300003_BUILD/DEFAULT/PRODUCTION/NEWASMT    romdata   0x300003    program   0x000001
.config_300005_BUILD/DEFAULT/PRODUCTION/NEWASMT    romdata   0x300005    program   0x000001
.config_300006_BUILD/DEFAULT/PRODUCTION/NEWASMT    romdata   0x300006    program   0x000001
.config_300008_BUILD/DEFAULT/PRODUCTION/NEWASMT    romdata   0x300008    program   0x000001
.config_300009_BUILD/DEFAULT/PRODUCTION/NEWASMT    romdata   0x300009    program   0x000001
.config_30000A_BUILD/DEFAULT/PRODUCTION/NEWASMT    romdata   0x30000a    program   0x000001
.config_30000B_BUILD/DEFAULT/PRODUCTION/NEWASMT    romdata   0x30000b    program   0x000001
.config_30000C_BUILD/DEFAULT/PRODUCTION/NEWASMT    romdata   0x30000c    program   0x000001
.config_30000D_BUILD/DEFAULT/PRODUCTION/NEWASMT    romdata   0x30000d    program   0x000001



                              Program Memory Usage 
                               Start         End      
                           ---------   ---------      
                            0x000000    0x000005      
                            0x000008    0x0001c3      
                            0x300001    0x300003      
                            0x300005    0x300006      
                            0x300008    0x30000d      
            461 out of 33048 program addresses used, program memory utilization is 1%



                              Symbols - Sorted by Name
                     Name    Address   Location    Storage File                     
                ---------  ---------  ---------  --------- ---------                
                   Divide   0x000058    program     static D:\code\MCU\Midterm.X\newAsmTemplate.asm
                     Init   0x00000c    program     static D:\code\MCU\Midterm.X\newAsmTemplate.asm
                 Transfer   0x00008a    program     static D:\code\MCU\Midterm.X\newAsmTemplate.asm
                  _1LOOP1   0x0000b0    program     static D:\code\MCU\Midterm.X\newAsmTemplate.asm
                  _1LOOP2   0x0000ac    program     static D:\code\MCU\Midterm.X\newAsmTemplate.asm
                  _2LOOP1   0x0000d8    program     static D:\code\MCU\Midterm.X\newAsmTemplate.asm
                  _2LOOP2   0x0000d4    program     static D:\code\MCU\Midterm.X\newAsmTemplate.asm
                  _3LOOP1   0x0000f2    program     static D:\code\MCU\Midterm.X\newAsmTemplate.asm
                  _3LOOP2   0x0000ee    program     static D:\code\MCU\Midterm.X\newAsmTemplate.asm
                  _4LOOP1   0x00011a    program     static D:\code\MCU\Midterm.X\newAsmTemplate.asm
                  _4LOOP2   0x000116    program     static D:\code\MCU\Midterm.X\newAsmTemplate.asm
                  _5LOOP1   0x00013a    program     static D:\code\MCU\Midterm.X\newAsmTemplate.asm
                  _5LOOP2   0x000136    program     static D:\code\MCU\Midterm.X\newAsmTemplate.asm
                  _6LOOP1   0x000162    program     static D:\code\MCU\Midterm.X\newAsmTemplate.asm
                  _6LOOP2   0x00015e    program     static D:\code\MCU\Midterm.X\newAsmTemplate.asm
                  _7LOOP1   0x00017c    program     static D:\code\MCU\Midterm.X\newAsmTemplate.asm
                  _7LOOP2   0x000178    program     static D:\code\MCU\Midterm.X\newAsmTemplate.asm
                  _8LOOP1   0x0001a4    program     static D:\code\MCU\Midterm.X\newAsmTemplate.asm
                  _8LOOP2   0x0001a0    program     static D:\code\MCU\Midterm.X\newAsmTemplate.asm
                      isr   0x0001bc    program     static D:\code\MCU\Midterm.X\newAsmTemplate.asm
                 mainLoop   0x00009e    program     static D:\code\MCU\Midterm.X\newAsmTemplate.asm
                  q_blink   0x0000a8    program     static D:\code\MCU\Midterm.X\newAsmTemplate.asm
                  r_blink   0x000132    program     static D:\code\MCU\Midterm.X\newAsmTemplate.asm



                              Symbols - Sorted by Address
                     Name    Address   Location    Storage File                     
                ---------  ---------  ---------  --------- ---------                
                     Init   0x00000c    program     static D:\code\MCU\Midterm.X\newAsmTemplate.asm
                   Divide   0x000058    program     static D:\code\MCU\Midterm.X\newAsmTemplate.asm
                 Transfer   0x00008a    program     static D:\code\MCU\Midterm.X\newAsmTemplate.asm
                 mainLoop   0x00009e    program     static D:\code\MCU\Midterm.X\newAsmTemplate.asm
                  q_blink   0x0000a8    program     static D:\code\MCU\Midterm.X\newAsmTemplate.asm
                  _1LOOP2   0x0000ac    program     static D:\code\MCU\Midterm.X\newAsmTemplate.asm
                  _1LOOP1   0x0000b0    program     static D:\code\MCU\Midterm.X\newAsmTemplate.asm
                  _2LOOP2   0x0000d4    program     static D:\code\MCU\Midterm.X\newAsmTemplate.asm
                  _2LOOP1   0x0000d8    program     static D:\code\MCU\Midterm.X\newAsmTemplate.asm
                  _3LOOP2   0x0000ee    program     static D:\code\MCU\Midterm.X\newAsmTemplate.asm
                  _3LOOP1   0x0000f2    program     static D:\code\MCU\Midterm.X\newAsmTemplate.asm
                  _4LOOP2   0x000116    program     static D:\code\MCU\Midterm.X\newAsmTemplate.asm
                  _4LOOP1   0x00011a    program     static D:\code\MCU\Midterm.X\newAsmTemplate.asm
                  r_blink   0x000132    program     static D:\code\MCU\Midterm.X\newAsmTemplate.asm
                  _5LOOP2   0x000136    program     static D:\code\MCU\Midterm.X\newAsmTemplate.asm
                  _5LOOP1   0x00013a    program     static D:\code\MCU\Midterm.X\newAsmTemplate.asm
                  _6LOOP2   0x00015e    program     static D:\code\MCU\Midterm.X\newAsmTemplate.asm
                  _6LOOP1   0x000162    program     static D:\code\MCU\Midterm.X\newAsmTemplate.asm
                  _7LOOP2   0x000178    program     static D:\code\MCU\Midterm.X\newAsmTemplate.asm
                  _7LOOP1   0x00017c    program     static D:\code\MCU\Midterm.X\newAsmTemplate.asm
                  _8LOOP2   0x0001a0    program     static D:\code\MCU\Midterm.X\newAsmTemplate.asm
                  _8LOOP1   0x0001a4    program     static D:\code\MCU\Midterm.X\newAsmTemplate.asm
                      isr   0x0001bc    program     static D:\code\MCU\Midterm.X\newAsmTemplate.asm


