Microchip MPLAB XC8 Compiler V2.00 ()

Linker command line:

-W-3 --edf=C:\Program Files (x86)\Microchip\xc8\v2.00\pic\dat\en_msgs.txt \
  -cs -h+dist/default/production\lab11.X.production.sym \
  --cmf=dist/default/production\lab11.X.production.cmf -z -w9 \
  --disl=596:off --norlf -Q18F4520 \
  -oC:\Users\honghen\AppData\Local\Temp\sjb8.2 --defsym=__MPLAB_BUILD=1 \
  -Mdist/default/production/lab11.X.production.map -E1 -ver=XC8 \
  --acfsm=1493 -ACODE=00h-07FFFh -ACONST=00h-07FFFh \
  -ASMALLCONST=0600h-06FFhx122 -AMEDIUMCONST=0600h-07FFFh -ACOMRAM=01h-07Fh \
  -AABS1=00h-05FFh -ABIGRAM=01h-05FFh -ARAM=080h-0FFh,0100h-01FFhx5 \
  -ABANK0=080h-0FFh -ABANK1=0100h-01FFh -ABANK2=0200h-02FFh \
  -ABANK3=0300h-03FFh -ABANK4=0400h-04FFh -ABANK5=0500h-05FFh \
  -ASFR=0F80h-0FFFh -preset_vec=00h,intcode,intcodelo,powerup,init \
  -pramtop=0600h -psmallconst=SMALLCONST -pmediumconst=MEDIUMCONST \
  -pconst=CONST -AFARRAM=00h-00h -ACONFIG=0300000h-030000Dh -pconfig=CONFIG \
  -AIDLOC=0200000h-0200007h -pidloc=IDLOC -AEEDATA=0F00000h-0F000FFh \
  -peeprom_data=EEDATA \
  -prdata=COMRAM,nvrram=COMRAM,nvbit=COMRAM,rbss=COMRAM,rbit=COMRAM \
  -pfarbss=FARRAM,fardata=FARRAM,nvFARRAM=FARRAM \
  -pintsave_regs=BIGRAM,bigbss=BIGRAM,bigdata=BIGRAM -pbss=RAM \
  -pidata=CODE,irdata=CODE,ibigdata=CODE,ifardata=CODE \
  C:\Users\honghen\AppData\Local\Temp\sjb8.o \
  dist/default/production\lab11.X.production.o 

Object code version is 3.11

Machine type is 18F4520

Call graph: (short form)




                Name                               Link     Load   Length Selector   Space Scale
C:\Users\honghen\AppData\Local\Temp\sjb8.o
                init                                 60       60        4        0       0
dist/default/production\lab11.X.production.o
                intcodelo                             0        0       60        0       0
                temp                                 71       71        1        1       1
                smallconst                          600      600       56      300       0
                text52                             43A2     43A2       1E      32B       0
                text51                             41FA     41FA       48      32B       0
                text50                             39CC     39CC       D8      32B       0
                text49                             4110     4110       54      32B       0
                text47                             3FF6     3FF6       62      32B       0
                text46                             43E6     43E6       12      32B       0
                text45                             43F8     43F8        E      32B       0
                text44                             4356     4356       2A      32B       0
                text43                             42BE     42BE       3C      32B       0
                text42                             40B6     40B6       5A      32B       0
                text41                             26A8     26A8      2A2      32B       0
                text40                             3CD8     3CD8       8E      32B       0
                text39                             3E54     3E54       6E      32B       0
                text38                             3DE6     3DE6       6E      32B       0
                text37                             3644     3644       EA      32B       0
                text36                             346A     346A       EE      32B       0
                text35                             3C30     3C30       A8      32B       0
                text34                             2B7C     2B7C      1DC      32B       0
                text33                             3558     3558       EC      32B       0
                text32                             38F4     38F4       D8      32B       0
                text31                             2288     2288      420      32B       0
                text30                             3B76     3B76       BA      32B       0
                text29                             2D58     2D58      168      32B       0
                text28                             1E1A     1E1A      46E      32B       0
                text27                             4242     4242       40      32B       0
                text26                             137A     137A      584      32B       0
                text25                             41B0     41B0       4A      32B       0
                text24                             2EC0     2EC0      152      32B       0
                text23                             326C     326C      10E      32B       0
                text22                             294A     294A      232      32B       0
                text21                             4418     4418        2      32B       0
                text20                             3816     3816       DE      32B       0
                text19                             4164     4164       4C      32B       0
                text18                             3EC2     3EC2       6A      32B       0
                text17                             3AA4     3AA4       D2      32B       0
                text16                             3F2C     3F2C       68      32B       0
                text15                             4282     4282       3C      32B       0
                text14                             3D66     3D66       80      32B       0
                text13                              656      656      D24      32B       0
                text12                             3012     3012      140      32B       0
                text11                             18FE     18FE      51C      32B       0
                text10                             3F94     3F94       62      32B       0
                text9                              4058     4058       5E      32B       0
                text8                              432C     432C       2A      32B       0
                text7                              337A     337A       F0      32B       0
                text6                              3152     3152      11A      32B       0
                text5                              43C0     43C0       14      32B       0
                text4                              4406     4406        A      32B       0
                text3                              4410     4410        8      32B       0
                text2                              4380     4380       22      32B       0
                text1                              43D4     43D4       12      32B       0
                text0                              372E     372E       E8      32B       0
                cstackCOMRAM                          1        1       5C        1       1
                cstackBANK0                          80       80       60       80       1
                bssBANK1                            100      100       50      100       1
                bssBANK0                             E0       E0       14       80       1
                bssCOMRAM                            5D       5D       14        1       1
                cinit                              42FA     42FA       32      32B       0

TOTAL           Name                               Link     Load   Length     Space
        CLASS   CODE           
                intcodelo                             0        0       60         0
                init                                 60       60        4         0
                text52                             43A2     43A2       1E         0
                text51                             41FA     41FA       48         0
                text50                             39CC     39CC       D8         0
                text49                             4110     4110       54         0
                text47                             3FF6     3FF6       62         0
                text46                             43E6     43E6       12         0
                text45                             43F8     43F8        E         0
                text44                             4356     4356       2A         0
                text43                             42BE     42BE       3C         0
                text42                             40B6     40B6       5A         0
                text41                             26A8     26A8      2A2         0
                text40                             3CD8     3CD8       8E         0
                text39                             3E54     3E54       6E         0
                text38                             3DE6     3DE6       6E         0
                text37                             3644     3644       EA         0
                text36                             346A     346A       EE         0
                text35                             3C30     3C30       A8         0
                text34                             2B7C     2B7C      1DC         0
                text33                             3558     3558       EC         0
                text32                             38F4     38F4       D8         0
                text31                             2288     2288      420         0
                text30                             3B76     3B76       BA         0
                text29                             2D58     2D58      168         0
                text28                             1E1A     1E1A      46E         0
                text27                             4242     4242       40         0
                text26                             137A     137A      584         0
                text25                             41B0     41B0       4A         0
                text24                             2EC0     2EC0      152         0
                text23                             326C     326C      10E         0
                text22                             294A     294A      232         0
                text21                             4418     4418        2         0
                text20                             3816     3816       DE         0
                text19                             4164     4164       4C         0
                text18                             3EC2     3EC2       6A         0
                text17                             3AA4     3AA4       D2         0
                text16                             3F2C     3F2C       68         0
                text15                             4282     4282       3C         0
                text14                             3D66     3D66       80         0
                text13                              656      656      D24         0
                text12                             3012     3012      140         0
                text11                             18FE     18FE      51C         0
                text10                             3F94     3F94       62         0
                text9                              4058     4058       5E         0
                text8                              432C     432C       2A         0
                text7                              337A     337A       F0         0
                text6                              3152     3152      11A         0
                text5                              43C0     43C0       14         0
                text4                              4406     4406        A         0
                text3                              4410     4410        8         0
                text2                              4380     4380       22         0
                text1                              43D4     43D4       12         0
                text0                              372E     372E       E8         0
                cinit                              42FA     42FA       32         0

        CLASS   CONST          

        CLASS   SMALLCONST     
                smallconst                          600      600       56         0

        CLASS   MEDIUMCONST    

        CLASS   COMRAM         
                temp                                 71       71        1         1
                cstackCOMRAM                          1        1       5C         1
                bssCOMRAM                            5D       5D       14         1

        CLASS   ABS1           

        CLASS   BIGRAM         

        CLASS   RAM            

        CLASS   BANK0          
                cstackBANK0                          80       80       60         1
                bssBANK0                             E0       E0       14         1

        CLASS   BANK1          
                bssBANK1                            100      100       50         1

        CLASS   BANK2          

        CLASS   BANK3          

        CLASS   BANK4          

        CLASS   BANK5          

        CLASS   SFR            

        CLASS   FARRAM         

        CLASS   CONFIG         

        CLASS   IDLOC          

        CLASS   EEDATA         

        CLASS   STACK          



SEGMENTS        Name                           Load    Length   Top    Selector   Space  Class

                reset_vec                      000000  000064  000064         0       0  CODE    
                cstackCOMRAM                   000001  000071  000072         1       1  COMRAM  
                cstackBANK0                    000080  000074  0000F4        80       1  BANK0   
                bssBANK1                       000100  000050  000150       100       1  BANK1   
                smallconst                     000600  000056  000656       300       0  SMALLCON
                text13                         000656  003DC4  00441A       32B       0  CODE    


UNUSED ADDRESS RANGES

        Name                Unused          Largest block    Delta
        BANK0            00F4-00FF              C
        BANK1            0150-01FF             B0
        BANK2            0200-02FF            100
        BANK3            0300-03FF            100
        BANK4            0400-04FF            100
        BANK5            0500-05FF            100
        BIGRAM           0072-007F              E
                         00F4-00FF              C
                         0150-05FF            4B0
        CODE             0064-05FF            59C
                         441A-7FFF           3BE6
        COMRAM           0072-007F              E
        CONFIG           300000-30000D              E
        CONST            0064-05FF            59C
                         441A-7FFF           3BE6
        EEDATA           F00000-F000FF            100
        IDLOC            200000-200007              8
        MEDIUMCONST      441A-7FFF           3BE6
        RAM              00F4-00FF              C
                         0150-05FF            100
        SFR              0F80-0FFF             80
        SMALLCONST       441A-7FFF            100

                                  Symbol Table

_Lo_ISR                        intcodelo    0000
_PrintBuffer                                    
__CFG_BOREN$SBORDIS            (abs)        0000
__CFG_BORV$3                   (abs)        0000
__CFG_CCP2MX$PORTC             (abs)        0000
__CFG_CP0$OFF                  (abs)        0000
__CFG_CP1$OFF                  (abs)        0000
__CFG_CP2$OFF                  (abs)        0000
__CFG_CP3$OFF                  (abs)        0000
__CFG_CPB$OFF                  (abs)        0000
__CFG_CPD$OFF                  (abs)        0000
__CFG_EBTR0$OFF                (abs)        0000
__CFG_EBTR1$OFF                (abs)        0000
__CFG_EBTR2$OFF                (abs)        0000
__CFG_EBTR3$OFF                (abs)        0000
__CFG_EBTRB$OFF                (abs)        0000
__CFG_FCMEN$OFF                (abs)        0000
__CFG_IESO$ON                  (abs)        0000
__CFG_LPT1OSC$OFF              (abs)        0000
__CFG_LVP$OFF                  (abs)        0000
__CFG_MCLRE$ON                 (abs)        0000
__CFG_OSC$INTIO67              (abs)        0000
__CFG_PBADEN$ON                (abs)        0000
__CFG_PWRT$OFF                 (abs)        0000
__CFG_STVREN$ON                (abs)        0000
__CFG_WDT$OFF                  (abs)        0000
__CFG_WDTPS$1                  (abs)        0000
__CFG_WRT0$OFF                 (abs)        0000
__CFG_WRT1$OFF                 (abs)        0000
__CFG_WRT2$OFF                 (abs)        0000
__CFG_WRT3$OFF                 (abs)        0000
__CFG_WRTB$OFF                 (abs)        0000
__CFG_WRTC$OFF                 (abs)        0000
__CFG_WRTD$OFF                 (abs)        0000
__CFG_XINST$OFF                (abs)        0000
__HRAM                         (abs)        0000
__Habs1                        abs1         0000
__Hbank0                       bank0        0000
__Hbank1                       bank1        0000
__Hbank2                       bank2        0000
__Hbank3                       bank3        0000
__Hbank4                       bank4        0000
__Hbank5                       bank5        0000
__Hbigbss                      bigbss       0000
__Hbigdata                     bigdata      0000
__Hbigram                      bigram       0000
__Hbss                         bss          0000
__HbssBANK0                    bssBANK0     0000
__HbssBANK1                    bssBANK1     0000
__HbssCOMRAM                   bssCOMRAM    0000
__Hcinit                       cinit        0000
__Hclrtext                     clrtext      0000
__Hcomram                      comram       0000
__Hconfig                      config       0000
__Hconst                       const        0000
__HcstackBANK0                 cstackBANK0  0000
__HcstackCOMRAM                cstackCOMRAM 0000
__Hdata                        data         0000
__Heeprom_data                 eeprom_data  0000
__Hfarbss                      farbss       0000
__Hfardata                     fardata      0000
__Hibigdata                    ibigdata     0000
__Hidata                       idata        0000
__Hidloc                       idloc        0000
__Hifardata                    ifardata     0000
__Hintcode                     intcode      0000
__Hintcode_body                intcode_body 0000
__Hintentry                    intentry     0000
__Hintret                      intret       0000
__Hintsave_regs                intsave_regs 0000
__Hirdata                      irdata       0000
__Hmediumconst                 mediumconst  0000
__HnvFARRAM                    nvFARRAM     0000
__Hnvbit                       nvbit        0000
__Hnvrram                      nvrram       0000
__Hparam                       rparam       0000
__Hram                         ram          0000
__Hrbit                        rbit         0000
__Hrbss                        rbss         0000
__Hrdata                       rdata        0000
__Hreset_vec                   reset_vec    0000
__Hrparam                      rparam       0000
__Hsfr                         sfr          0000
__Hspace_2                     (abs)        0000
__Hstack                       stack        0000
__Hstruct                      struct       0000
__Htext                        text         0000
__Htext0                       text0        0000
__Htext1                       text1        0000
__Htext10                      text10       0000
__Htext11                      text11       0000
__Htext12                      text12       0000
__Htext13                      text13       0000
__Htext14                      text14       0000
__Htext15                      text15       0000
__Htext16                      text16       0000
__Htext17                      text17       0000
__Htext18                      text18       0000
__Htext19                      text19       0000
__Htext2                       text2        0000
__Htext20                      text20       0000
__Htext21                      text21       0000
__Htext22                      text22       0000
__Htext23                      text23       0000
__Htext24                      text24       0000
__Htext25                      text25       0000
__Htext26                      text26       0000
__Htext27                      text27       0000
__Htext28                      text28       0000
__Htext29                      text29       0000
__Htext3                       text3        0000
__Htext30                      text30       0000
__Htext31                      text31       0000
__Htext32                      text32       0000
__Htext33                      text33       0000
__Htext34                      text34       0000
__Htext35                      text35       0000
__Htext36                      text36       0000
__Htext37                      text37       0000
__Htext38                      text38       0000
__Htext39                      text39       0000
__Htext4                       text4        0000
__Htext40                      text40       0000
__Htext41                      text41       0000
__Htext42                      text42       0000
__Htext43                      text43       0000
__Htext44                      text44       0000
__Htext45                      text45       0000
__Htext46                      text46       0000
__Htext47                      text47       0000
__Htext49                      text49       0000
__Htext5                       text5        0000
__Htext50                      text50       0000
__Htext51                      text51       0000
__Htext52                      text52       0000
__Htext6                       text6        0000
__Htext7                       text7        0000
__Htext8                       text8        0000
__Htext9                       text9        0000
__Labs1                        abs1         0000
__Lbank0                       bank0        0000
__Lbank1                       bank1        0000
__Lbank2                       bank2        0000
__Lbank3                       bank3        0000
__Lbank4                       bank4        0000
__Lbank5                       bank5        0000
__Lbigbss                      bigbss       0000
__Lbigdata                     bigdata      0000
__Lbigram                      bigram       0000
__Lbss                         bss          0000
__LbssBANK0                    bssBANK0     0000
__LbssBANK1                    bssBANK1     0000
__LbssCOMRAM                   bssCOMRAM    0000
__Lcinit                       cinit        0000
__Lclrtext                     clrtext      0000
__Lcomram                      comram       0000
__Lconfig                      config       0000
__Lconst                       const        0000
__LcstackBANK0                 cstackBANK0  0000
__LcstackCOMRAM                cstackCOMRAM 0000
__Ldata                        data         0000
__Leeprom_data                 eeprom_data  0000
__Lfarbss                      farbss       0000
__Lfardata                     fardata      0000
__Libigdata                    ibigdata     0000
__Lidata                       idata        0000
__Lidloc                       idloc        0000
__Lifardata                    ifardata     0000
__Lintcode                     intcode      0000
__Lintcode_body                intcode_body 0000
__Lintcodelo                   intcodelo    0000
__Lintentry                    intentry     0000
__Lintret                      intret       0000
__Lintsave_regs                intsave_regs 0000
__Lirdata                      irdata       0000
__Lmediumconst                 mediumconst  0000
__LnvFARRAM                    nvFARRAM     0000
__Lnvbit                       nvbit        0000
__Lnvrram                      nvrram       0000
__Lparam                       rparam       0000
__Lram                         ram          0000
__Lrbit                        rbit         0000
__Lrbss                        rbss         0000
__Lrdata                       rdata        0000
__Lreset_vec                   reset_vec    0000
__Lrparam                      rparam       0000
__Lsfr                         sfr          0000
__Lspace_0                     (abs)        0000
__Lspace_1                     (abs)        0000
__Lspace_2                     (abs)        0000
__Lstack                       stack        0000
__Lstruct                      struct       0000
__Ltext                        text         0000
__Ltext0                       text0        0000
__Ltext1                       text1        0000
__Ltext10                      text10       0000
__Ltext11                      text11       0000
__Ltext12                      text12       0000
__Ltext13                      text13       0000
__Ltext14                      text14       0000
__Ltext15                      text15       0000
__Ltext16                      text16       0000
__Ltext17                      text17       0000
__Ltext18                      text18       0000
__Ltext19                      text19       0000
__Ltext2                       text2        0000
__Ltext20                      text20       0000
__Ltext21                      text21       0000
__Ltext22                      text22       0000
__Ltext23                      text23       0000
__Ltext24                      text24       0000
__Ltext25                      text25       0000
__Ltext26                      text26       0000
__Ltext27                      text27       0000
__Ltext28                      text28       0000
__Ltext29                      text29       0000
__Ltext3                       text3        0000
__Ltext30                      text30       0000
__Ltext31                      text31       0000
__Ltext32                      text32       0000
__Ltext33                      text33       0000
__Ltext34                      text34       0000
__Ltext35                      text35       0000
__Ltext36                      text36       0000
__Ltext37                      text37       0000
__Ltext38                      text38       0000
__Ltext39                      text39       0000
__Ltext4                       text4        0000
__Ltext40                      text40       0000
__Ltext41                      text41       0000
__Ltext42                      text42       0000
__Ltext43                      text43       0000
__Ltext44                      text44       0000
__Ltext45                      text45       0000
__Ltext46                      text46       0000
__Ltext47                      text47       0000
__Ltext49                      text49       0000
__Ltext5                       text5        0000
__Ltext50                      text50       0000
__Ltext51                      text51       0000
__Ltext52                      text52       0000
__Ltext6                       text6        0000
__Ltext7                       text7        0000
__Ltext8                       text8        0000
__Ltext9                       text9        0000
___inthi_sp                    stack        0000
___intlo_sp                    stack        0000
___param_bank                  (abs)        0000
___sp                          stack        0000
__mediumconst                  mediumconst  0000
__pintcodelo                   intcodelo    0000
__size_of_ADC_Initialize       (abs)        0000
__size_of_ADC_Read             (abs)        0000
__size_of_CCP1_Initialize      (abs)        0000
__size_of_ClearBuffer          (abs)        0000
__size_of_GetString            (abs)        0000
__size_of_INTERRUPT_Initialize (abs)        0000
__size_of_Lo_ISR               (abs)        0000
__size_of_Mode1                (abs)        0000
__size_of_Mode2                (abs)        0000
__size_of_Mode3                (abs)        0000
__size_of_MyusartRead          (abs)        0000
__size_of_SYSTEM_Initialize    (abs)        0000
__size_of_UART_Initialize      (abs)        0000
__size_of_UART_Write           (abs)        0000
__size_of_UART_Write_Text      (abs)        0000
__size_of___awdiv              (abs)        0000
__size_of___awmod              (abs)        0000
__size_of___fladd              (abs)        0000
__size_of___fldiv              (abs)        0000
__size_of___fleq               (abs)        0000
__size_of___flge               (abs)        0000
__size_of___flmul              (abs)        0000
__size_of___flneg              (abs)        0000
__size_of___flsub              (abs)        0000
__size_of___fltol              (abs)        0000
__size_of___fpclassifyf        (abs)        0000
__size_of___wmul               (abs)        0000
__size_of___xxtofl             (abs)        0000
__size_of_atoi                 (abs)        0000
__size_of_efgtoa               (abs)        0000
__size_of_floorf               (abs)        0000
__size_of_fputc                (abs)        0000
__size_of_fputs                (abs)        0000
__size_of_isdigit              (abs)        0000
__size_of_isspace              (abs)        0000
__size_of_isupper              (abs)        0000
__size_of_main                 (abs)        0000
__size_of_pad                  (abs)        0000
__size_of_putch                (abs)        0000
__size_of_sprintf              (abs)        0000
__size_of_strcat               (abs)        0000
__size_of_strchr               (abs)        0000
__size_of_strcpy               (abs)        0000
__size_of_strcspn              (abs)        0000
__size_of_strlen               (abs)        0000
__size_of_strncmp              (abs)        0000
__size_of_strspn               (abs)        0000
__size_of_strstr               (abs)        0000
__size_of_strtok               (abs)        0000
__size_of_tolower              (abs)        0000
__size_of_vfpfcnvrt            (abs)        0000
__size_of_vfprintf             (abs)        0000
__size_ofi1___awmod            (abs)        0000
?_PrintBuffer                  cstackCOMRAM 0001
?i1___awmod                    cstackCOMRAM 0001
UART_Write@data                cstackCOMRAM 0001
__LRAM                         (abs)        0001
___rparam_used                 (abs)        0001
__pcstackCOMRAM                cstackCOMRAM 0001
UART_Write_Text@text           cstackCOMRAM 0002
__activetblptr                 (abs)        0002
UART_Write_Text@i              cstackCOMRAM 0004
?_ADC_Read                     cstackCOMRAM 000E
?_GetString                    cstackCOMRAM 000E
?___awdiv                      cstackCOMRAM 000E
?___awmod                      cstackCOMRAM 000E
?___fladd                      cstackCOMRAM 000E
?___fldiv                      cstackCOMRAM 000E
?___flneg                      cstackCOMRAM 000E
?___fltol                      cstackCOMRAM 000E
?___fpclassifyf                cstackCOMRAM 000E
?___wmul                       cstackCOMRAM 000E
?___xxtofl                     cstackCOMRAM 000E
?_isdigit                      cstackCOMRAM 000E
?_isspace                      cstackCOMRAM 000E
?_isupper                      cstackCOMRAM 000E
?_strchr                       cstackCOMRAM 000E
?_strlen                       cstackCOMRAM 000E
?_strncmp                      cstackCOMRAM 000E
ADC_Read@channel               cstackCOMRAM 000E
ClearBuffer@i                  cstackCOMRAM 000E
___awdiv@dividend              cstackCOMRAM 000E
___awmod@dividend              cstackCOMRAM 000E
___fladd@b                     cstackCOMRAM 000E
___fldiv@b                     cstackCOMRAM 000E
___fleq@ff1                    cstackCOMRAM 000E
___flneg@f1                    cstackCOMRAM 000E
___fltol@f1                    cstackCOMRAM 000E
___fpclassifyf@x               cstackCOMRAM 000E
___wmul@multiplier             cstackCOMRAM 000E
___xxtofl@val                  cstackCOMRAM 000E
___awdiv@divisor               cstackCOMRAM 0010
___awmod@divisor               cstackCOMRAM 0010
___wmul@multiplicand           cstackCOMRAM 0010
___awdiv@counter               cstackCOMRAM 0012
___awmod@counter               cstackCOMRAM 0012
___fladd@a                     cstackCOMRAM 0012
___fldiv@a                     cstackCOMRAM 0012
___fleq@ff2                    cstackCOMRAM 0012
___wmul@product                cstackCOMRAM 0012
___awdiv@sign                  cstackCOMRAM 0013
___awmod@sign                  cstackCOMRAM 0013
?_strcspn                      cstackCOMRAM 0014
?_strspn                       cstackCOMRAM 0014
?_tolower                      cstackCOMRAM 0014
ADC_Read@digital               cstackCOMRAM 0014
___awdiv@quotient              cstackCOMRAM 0014
_isspace$1496                  cstackCOMRAM 0014
___fltol@sign1                 cstackCOMRAM 0016
___fpclassifyf@e               cstackCOMRAM 0016
___xxtofl@sign                 cstackCOMRAM 0016
i1___awmod@dividend            cstackCOMRAM 0001
i1___awmod@divisor             cstackCOMRAM 0003
i1___awmod@counter             cstackCOMRAM 0005
i1___awmod@sign                cstackCOMRAM 0006
fputc@c                        cstackCOMRAM 000E
fputc@fp                       cstackCOMRAM 0010
intlevel0                      text         0000
intlevel1                      text         0000
intlevel2                      text         0000
intlevel3                      text         0000
isdigit@c                      cstackCOMRAM 000E
isspace@c                      cstackCOMRAM 000E
isupper@c                      cstackCOMRAM 000E
stackhi                        (abs)        0000
stacklo                        (abs)        0000
strchr@s                       cstackCOMRAM 000E
strlen@s                       cstackCOMRAM 000E
strncmp@_l                     cstackCOMRAM 000E
strchr@c                       cstackCOMRAM 0010
strncmp@_r                     cstackCOMRAM 0010
strlen@a                       cstackCOMRAM 0012
strncmp@n                      cstackCOMRAM 0012
strcpy@dest                    cstackCOMRAM 0014
strcspn@s                      cstackCOMRAM 0014
strspn@s                       cstackCOMRAM 0014
tolower@c                      cstackCOMRAM 0014
strcpy@src                     cstackCOMRAM 0016
strcspn@c                      cstackCOMRAM 0016
strspn@c                       cstackCOMRAM 0016
___fltol@exp1                  cstackCOMRAM 0017
___xxtofl@exp                  cstackCOMRAM 0017
fputs@s                        cstackCOMRAM 0017
strncmp@l                      cstackCOMRAM 0017
___fpclassifyf@u               cstackCOMRAM 0018
___xxtofl@arg                  cstackCOMRAM 0018
fputs@fp                       cstackCOMRAM 0019
strcspn@i                      cstackCOMRAM 0019
strncmp@r                      cstackCOMRAM 0019
strspn@i                       cstackCOMRAM 0019
___fldiv@rem                   cstackCOMRAM 001A
_tolower$1617                  cstackCOMRAM 001A
strcpy@s                       cstackCOMRAM 001A
?_strstr                       cstackCOMRAM 001B
?_strtok                       cstackCOMRAM 001B
fputs@c                        cstackCOMRAM 001B
strstr@h                       cstackCOMRAM 001B
strtok@s                       cstackCOMRAM 001B
?___flmul                      cstackCOMRAM 001C
___flmul@b                     cstackCOMRAM 001C
fputs@i                        cstackCOMRAM 001C
strcpy@d                       cstackCOMRAM 001C
strstr@n                       cstackCOMRAM 001D
strtok@sep                     cstackCOMRAM 001D
?_pad                          cstackCOMRAM 001E
___fladd@signs                 cstackCOMRAM 001E
___fldiv@sign                  cstackCOMRAM 001E
pad@fp                         cstackCOMRAM 001E
strcat@dest                    cstackCOMRAM 001E
?_atoi                         cstackCOMRAM 001F
___fladd@aexp                  cstackCOMRAM 001F
___fldiv@new_exp               cstackCOMRAM 001F
atoi@s                         cstackCOMRAM 001F
strstr@nl                      cstackCOMRAM 001F
___fladd@bexp                  cstackCOMRAM 0020
___flmul@a                     cstackCOMRAM 0020
pad@buf                        cstackCOMRAM 0020
strcat@src                     cstackCOMRAM 0020
___fladd@grs                   cstackCOMRAM 0021
___fldiv@grs                   cstackCOMRAM 0021
pad@p                          cstackCOMRAM 0022
___fldiv@bexp                  cstackCOMRAM 0025
atoi@neg                       cstackCOMRAM 0025
pad@i                          cstackCOMRAM 0025
___fldiv@aexp                  cstackCOMRAM 0026
?_floorf                       cstackCOMRAM 0027
_atoi$1465                     cstackCOMRAM 0027
floorf@x                       cstackCOMRAM 0027
pad@w                          cstackCOMRAM 0027
___flmul@sign                  cstackCOMRAM 0028
___flmul@aexp                  cstackCOMRAM 0029
_atoi$1467                     cstackCOMRAM 0029
___flmul@grs                   cstackCOMRAM 002A
_atoi$1466                     cstackCOMRAM 002B
atoi@n                         cstackCOMRAM 002C
___flmul@bexp                  cstackCOMRAM 002E
___flmul@prod                  cstackCOMRAM 002F
floorf@m                       cstackCOMRAM 0031
___flmul@temp                  cstackCOMRAM 0033
?___flsub                      cstackCOMRAM 0035
___flge@ff1                    cstackCOMRAM 0035
___flsub@b                     cstackCOMRAM 0035
floorf@e                       cstackCOMRAM 0035
floorf@u                       cstackCOMRAM 0037
___flge@ff2                    cstackCOMRAM 0039
___flsub@a                     cstackCOMRAM 0039
?_efgtoa                       cstackCOMRAM 0041
efgtoa@fp                      cstackCOMRAM 0041
efgtoa@f                       cstackCOMRAM 0043
efgtoa@c                       cstackCOMRAM 0047
?_vfpfcnvrt                    cstackCOMRAM 004D
vfpfcnvrt@fp                   cstackCOMRAM 004D
vfpfcnvrt@fmt                  cstackCOMRAM 004F
vfpfcnvrt@ap                   cstackCOMRAM 0051
?_vfprintf                     cstackCOMRAM 0057
vfprintf@fp                    cstackCOMRAM 0057
vfprintf@fmt                   cstackCOMRAM 0059
vfprintf@ap                    cstackCOMRAM 005B
__pbssCOMRAM                   bssCOMRAM    005D
floorf@F520                    bssCOMRAM    005D
__Hintcodelo                   intcodelo    0060
__Hpowerup                     powerup      0060
__Linit                        init         0060
__Lpowerup                     powerup      0060
__end_of_Lo_ISR                intcodelo    0060
start                          init         0060
___fpclassifyf@F459            bssCOMRAM    0061
__Hinit                        init         0064
strtok@p                       bssCOMRAM    0065
_nout                          bssCOMRAM    0067
_width                         bssCOMRAM    0069
_prec                          bssCOMRAM    006B
_flags                         bssCOMRAM    006D
_lenStr                        bssCOMRAM    006F
__Ltemp                        temp         0071
btemp                          temp         0071
int$flags                      temp         0071
__Htemp                        temp         0072
ttemp5                         temp         0072
wtemp8                         temp         0072
ttemp6                         temp         0075
ttemp7                         temp         0079
__accesstop                    (abs)        0080
__pcstackBANK0                 cstackBANK0  0080
efgtoa@ou                      cstackBANK0  0080
_efgtoa$964                    cstackBANK0  0084
_efgtoa$965                    cstackBANK0  0086
_efgtoa$970                    cstackBANK0  0088
_efgtoa$974                    cstackBANK0  008A
_efgtoa$975                    cstackBANK0  008C
_efgtoa$976                    cstackBANK0  008E
efgtoa@t                       cstackBANK0  0090
efgtoa@pp                      cstackBANK0  0092
efgtoa@m                       cstackBANK0  0094
efgtoa@ne                      cstackBANK0  0096
efgtoa@d                       cstackBANK0  0098
efgtoa@sign                    cstackBANK0  009A
efgtoa@p                       cstackBANK0  009C
efgtoa@nmode                   cstackBANK0  009E
efgtoa@w                       cstackBANK0  009F
efgtoa@mode                    cstackBANK0  00A1
efgtoa@h                       cstackBANK0  00A2
efgtoa@l                       cstackBANK0  00A6
efgtoa@i                       cstackBANK0  00AA
efgtoa@g                       cstackBANK0  00AC
efgtoa@e                       cstackBANK0  00B0
efgtoa@n                       cstackBANK0  00B2
efgtoa@u                       cstackBANK0  00B4
_vfpfcnvrt$990                 cstackBANK0  00B8
_vfpfcnvrt$994                 cstackBANK0  00BA
vfpfcnvrt@f                    cstackBANK0  00BC
vfpfcnvrt@ct                   cstackBANK0  00C0
vfpfcnvrt@c                    cstackBANK0  00C3
vfprintf@cfmt                  cstackBANK0  00C4
?_sprintf                      cstackBANK0  00C6
sprintf@s                      cstackBANK0  00C6
sprintf@fmt                    cstackBANK0  00C8
sprintf@ret                    cstackBANK0  00CE
sprintf@ap                     cstackBANK0  00D0
sprintf@f                      cstackBANK0  00D2
Mode3@i                        cstackBANK0  00D8
Mode3@voltage                  cstackBANK0  00DA
Mode3@digital                  cstackBANK0  00DE
__pbssBANK0                    bssBANK0     00E0
_mystring                      bssBANK0     00E0
_str                           bssBANK0     00EA
__pbssBANK1                    bssBANK1     0100
_dbuf                          bssBANK1     0100
__Hspace_1                     (abs)        0150
__S1                           (abs)        0150
__Hramtop                      ramtop       0600
__Lramtop                      ramtop       0600
__Lsmallconst                  smallconst   0600
__psmallconst                  smallconst   0600
__ramtop                       ramtop       0600
__smallconst                   smallconst   0600
__Hsmallconst                  smallconst   0656
__ptext13                      text13       0656
_efgtoa                        text13       0656
_TRISA                         (abs)        0F92
_TRISCbits                     (abs)        0F94
_PIE1bits                      (abs)        0F9D
_PIR1bits                      (abs)        0F9E
_IPR1bits                      (abs)        0F9F
_RCSTAbits                     (abs)        0FAB
_TXSTAbits                     (abs)        0FAC
_TXREG                         (abs)        0FAD
_RCREG                         (abs)        0FAE
_SPBRG                         (abs)        0FAF
_T3CON                         (abs)        0FB1
_T3CONbits                     (abs)        0FB1
_TMR3                          (abs)        0FB2
_BAUDCONbits                   (abs)        0FB8
_CCP1CON                       (abs)        0FBD
_CCPR1                         (abs)        0FBE
_ADCON2                        (abs)        0FC0
_ADCON1                        (abs)        0FC1
_ADCON0                        (abs)        0FC2
_ADCON0bits                    (abs)        0FC2
_ADRESL                        (abs)        0FC3
_ADRESH                        (abs)        0FC4
_RCON                          (abs)        0FD0
_RCONbits                      (abs)        0FD0
_INTCONbits                    (abs)        0FF2
___fladd                       text26       137A
__end_of_efgtoa                text13       137A
__ptext26                      text26       137A
__end_of___fladd               text26       18FE
__ptext11                      text11       18FE
_vfpfcnvrt                     text11       18FE
___flmul                       text28       1E1A
__end_of_vfpfcnvrt             text11       1E1A
__ptext28                      text28       1E1A
___fldiv                       text31       2288
__end_of___flmul               text28       2288
__ptext31                      text31       2288
__end_of___fldiv               text31       26A8
__ptext41                      text41       26A8
_atoi                          text41       26A8
__end_of_atoi                  text41       294A
__ptext22                      text22       294A
_floorf                        text22       294A
___xxtofl                      text34       2B7C
__end_of_floorf                text22       2B7C
__ptext34                      text34       2B7C
___flge                        text29       2D58
__end_of___xxtofl              text34       2D58
__ptext29                      text29       2D58
___fltol                       text24       2EC0
__end_of___flge                text29       2EC0
__ptext24                      text24       2EC0
__end_of___fltol               text24       3012
__ptext12                      text12       3012
_strncmp                       text12       3012
_Mode3                         text6        3152
__end_of_strncmp               text12       3152
__ptext6                       text6        3152
___fpclassifyf                 text23       326C
__end_of_Mode3                 text6        326C
__ptext23                      text23       326C
__end_of___fpclassifyf         text23       337A
__ptext7                       text7        337A
_strstr                        text7        337A
_Mode2                         text36       346A
__end_of_strstr                text7        346A
__ptext36                      text36       346A
___awdiv                       text33       3558
__end_of_Mode2                 text36       3558
__ptext33                      text33       3558
__end_of___awdiv               text33       3644
__ptext37                      text37       3644
_strtok                        text37       3644
__end_of_strtok                text37       372E
__ptext0                       text0        372E
_main                          text0        372E
__end_of_main                  text0        3816
__ptext20                      text20       3816
_fputc                         text20       3816
___awmod                       text32       38F4
__end_of_fputc                 text20       38F4
__ptext32                      text32       38F4
__end_of___awmod               text32       39CC
__ptext50                      text50       39CC
i1___awmod                     text50       39CC
__end_ofi1___awmod             text50       3AA4
__ptext17                      text17       3AA4
_pad                           text17       3AA4
___fleq                        text30       3B76
__end_of_pad                   text17       3B76
__ptext30                      text30       3B76
_ADC_Read                      text35       3C30
__end_of___fleq                text30       3C30
__ptext35                      text35       3C30
__end_of_ADC_Read              text35       3CD8
__ptext40                      text40       3CD8
_strchr                        text40       3CD8
__end_of_strchr                text40       3D66
__ptext14                      text14       3D66
_tolower                       text14       3D66
__end_of_tolower               text14       3DE6
__ptext38                      text38       3DE6
_strspn                        text38       3DE6
__end_of_strspn                text38       3E54
__ptext39                      text39       3E54
_strcspn                       text39       3E54
__end_of_strcspn               text39       3EC2
__ptext18                      text18       3EC2
_strlen                        text18       3EC2
__end_of_strlen                text18       3F2C
__ptext16                      text16       3F2C
_strcpy                        text16       3F2C
__end_of_strcpy                text16       3F94
__ptext10                      text10       3F94
_vfprintf                      text10       3F94
_ClearBuffer                   text47       3FF6
__end_of_vfprintf              text10       3FF6
__ptext47                      text47       3FF6
__end_of_ClearBuffer           text47       4058
__ptext9                       text9        4058
_sprintf                       text9        4058
__end_of_sprintf               text9        40B6
__ptext42                      text42       40B6
_isspace                       text42       40B6
_MyusartRead                   text49       4110
__end_of_isspace               text42       4110
__ptext49                      text49       4110
__end_of_MyusartRead           text49       4164
__ptext19                      text19       4164
_fputs                         text19       4164
___flsub                       text25       41B0
__end_of_fputs                 text19       41B0
__ptext25                      text25       41B0
_UART_Write_Text               text51       41FA
__end_of___flsub               text25       41FA
__ptext51                      text51       41FA
___flneg                       text27       4242
__end_of_UART_Write_Text       text51       4242
__ptext27                      text27       4242
__end_of___flneg               text27       4282
__ptext15                      text15       4282
_isupper                       text15       4282
__end_of_isupper               text15       42BE
__ptext43                      text43       42BE
_isdigit                       text43       42BE
__end_of_isdigit               text43       42FA
__initialization               cinit        42FA
__pcinit                       cinit        42FA
start_initialization           cinit        42FA
__end_of__initialization       cinit        431E
end_of_initialization          cinit        431E
__ptext8                       text8        432C
_strcat                        text8        432C
___wmul                        text44       4356
__end_of_strcat                text8        4356
__ptext44                      text44       4356
_UART_Initialize               text2        4380
__end_of___wmul                text44       4380
__ptext2                       text2        4380
_UART_Write                    text52       43A2
__end_of_UART_Initialize       text2        43A2
__ptext52                      text52       43A2
_ADC_Initialize                text5        43C0
__end_of_UART_Write            text52       43C0
__ptext5                       text5        43C0
_SYSTEM_Initialize             text1        43D4
__end_of_ADC_Initialize        text5        43D4
__ptext1                       text1        43D4
_Mode1                         text46       43E6
__end_of_SYSTEM_Initialize     text1        43E6
__ptext46                      text46       43E6
_GetString                     text45       43F8
__end_of_Mode1                 text46       43F8
__ptext45                      text45       43F8
_CCP1_Initialize               text4        4406
__end_of_GetString             text45       4406
__ptext4                       text4        4406
_INTERRUPT_Initialize          text3        4410
__end_of_CCP1_Initialize       text4        4410
__ptext3                       text3        4410
__end_of_INTERRUPT_Initialize  text3        4418
__ptext21                      text21       4418
_putch                         text21       4418
__Hspace_0                     (abs)        441A
__S0                           (abs)        441A
__end_of_putch                 text21       441A
_RC2                           (abs)        7C12
_RCIF                          (abs)        7CF5
_CREN                          (abs)        7D5C
_ADON                          (abs)        7E10
_GO                            (abs)        7E11
_IRCF0                         (abs)        7E9C
_IRCF1                         (abs)        7E9D
_IRCF2                         (abs)        7E9E
