MPLINK 5.09, LINKER
Linker Map File - Created Sat Jan 05 20:17:31 2019

                                 Section Info
                  Section       Type    Address   Location Size(Bytes)
                ---------  ---------  ---------  ---------  ---------
                   .org_0       code   0x000000    program   0x000004
                   .cinit    romdata   0x000004    program   0x000002
                   .org_1       code   0x000020    program   0x000252
.config_300001_BUILD/DEFAULT/PRODUCTION/NEWASMT    romdata   0x300001    program   0x000001
.config_300002_BUILD/DEFAULT/PRODUCTION/NEWASMT    romdata   0x300002    program   0x000001
.config_300003_BUILD/DEFAULT/PRODUCTION/NEWASMT    romdata   0x300003    program   0x000001
.config_300006_BUILD/DEFAULT/PRODUCTION/NEWASMT    romdata   0x300006    program   0x000001



                              Program Memory Usage 
                               Start         End      
                           ---------   ---------      
                            0x000000    0x000005      
                            0x000020    0x000271      
                            0x300001    0x300003      
                            0x300006    0x300006      
            604 out of 33048 program addresses used, program memory utilization is 1%



                              Symbols - Sorted by Name
                     Name    Address   Location    Storage File                     
                ---------  ---------  ---------  --------- ---------                
             BlankLoopBot   0x000240    program     static D:\code\MCU\Project.X\newAsmTemplate.asm
             BlankLoopTop   0x000050    program     static D:\code\MCU\Project.X\newAsmTemplate.asm
               Delay10mkS   0x000264    program     static D:\code\MCU\Project.X\newAsmTemplate.asm
                    Loop0   0x000072    program     static D:\code\MCU\Project.X\text.inc
                    Loop1   0x0000b4    program     static D:\code\MCU\Project.X\text.inc
                    Loop2   0x0000f6    program     static D:\code\MCU\Project.X\text.inc
                    Loop3   0x000138    program     static D:\code\MCU\Project.X\text.inc
                    Loop4   0x00017a    program     static D:\code\MCU\Project.X\text.inc
                    Loop5   0x0001bc    program     static D:\code\MCU\Project.X\text.inc
                    Loop6   0x0001fe    program     static D:\code\MCU\Project.X\text.inc
                    LoopV   0x00002a    program     static D:\code\MCU\Project.X\newAsmTemplate.asm
                    Start   0x000020    program     static D:\code\MCU\Project.X\newAsmTemplate.asm



                              Symbols - Sorted by Address
                     Name    Address   Location    Storage File                     
                ---------  ---------  ---------  --------- ---------                
                    Start   0x000020    program     static D:\code\MCU\Project.X\newAsmTemplate.asm
                    LoopV   0x00002a    program     static D:\code\MCU\Project.X\newAsmTemplate.asm
             BlankLoopTop   0x000050    program     static D:\code\MCU\Project.X\newAsmTemplate.asm
                    Loop0   0x000072    program     static D:\code\MCU\Project.X\text.inc
                    Loop1   0x0000b4    program     static D:\code\MCU\Project.X\text.inc
                    Loop2   0x0000f6    program     static D:\code\MCU\Project.X\text.inc
                    Loop3   0x000138    program     static D:\code\MCU\Project.X\text.inc
                    Loop4   0x00017a    program     static D:\code\MCU\Project.X\text.inc
                    Loop5   0x0001bc    program     static D:\code\MCU\Project.X\text.inc
                    Loop6   0x0001fe    program     static D:\code\MCU\Project.X\text.inc
             BlankLoopBot   0x000240    program     static D:\code\MCU\Project.X\newAsmTemplate.asm
               Delay10mkS   0x000264    program     static D:\code\MCU\Project.X\newAsmTemplate.asm


