MPLINK 5.09, LINKER
Linker Map File - Created Mon Oct 15 18:10:36 2018

                                 Section Info
                  Section       Type    Address   Location Size(Bytes)
                ---------  ---------  ---------  ---------  ---------
                   .org_0       code   0x000000    program   0x000024
                   .cinit    romdata   0x000024    program   0x000002
.config_300001_BUILD/DEFAULT/PRODUCTION/NEWASMT    romdata   0x300001    program   0x000001
.config_300003_BUILD/DEFAULT/PRODUCTION/NEWASMT    romdata   0x300003    program   0x000001



                              Program Memory Usage 
                               Start         End      
                           ---------   ---------      
                            0x000000    0x000025      
                            0x300001    0x300001      
                            0x300003    0x300003      
            40 out of 33048 program addresses used, program memory utilization is 0%



                              Symbols - Sorted by Name
                     Name    Address   Location    Storage File                     
                ---------  ---------  ---------  --------- ---------                
                     Loop   0x00000a    program     static D:\code\MCU\Lab3-2.X\newAsmTemplate.asm
                   Rotate   0x00001e    program     static D:\code\MCU\Lab3-2.X\newAsmTemplate.asm
                     exit   0x000014    program     static D:\code\MCU\Lab3-2.X\newAsmTemplate.asm
                   intial   0x000000    program     static D:\code\MCU\Lab3-2.X\newAsmTemplate.asm



                              Symbols - Sorted by Address
                     Name    Address   Location    Storage File                     
                ---------  ---------  ---------  --------- ---------                
                   intial   0x000000    program     static D:\code\MCU\Lab3-2.X\newAsmTemplate.asm
                     Loop   0x00000a    program     static D:\code\MCU\Lab3-2.X\newAsmTemplate.asm
                     exit   0x000014    program     static D:\code\MCU\Lab3-2.X\newAsmTemplate.asm
                   Rotate   0x00001e    program     static D:\code\MCU\Lab3-2.X\newAsmTemplate.asm


