MPLINK 5.09, LINKER
Linker Map File - Created Tue Nov 20 15:48:58 2018

                                 Section Info
                  Section       Type    Address   Location Size(Bytes)
                ---------  ---------  ---------  ---------  ---------
                   .org_0       code   0x000000    program   0x000004
                   .cinit    romdata   0x000004    program   0x000002
                   .org_1       code   0x000008    program   0x00009c
.config_300001_BUILD/DEFAULT/PRODUCTION/NEWASMT    romdata   0x300001    program   0x000001
.config_300002_BUILD/DEFAULT/PRODUCTION/NEWASMT    romdata   0x300002    program   0x000001
.config_300003_BUILD/DEFAULT/PRODUCTION/NEWASMT    romdata   0x300003    program   0x000001
.config_300005_BUILD/DEFAULT/PRODUCTION/NEWASMT    romdata   0x300005    program   0x000001
.config_300006_BUILD/DEFAULT/PRODUCTION/NEWASMT    romdata   0x300006    program   0x000001
.config_300008_BUILD/DEFAULT/PRODUCTION/NEWASMT    romdata   0x300008    program   0x000001
.config_300009_BUILD/DEFAULT/PRODUCTION/NEWASMT    romdata   0x300009    program   0x000001
.config_30000A_BUILD/DEFAULT/PRODUCTION/NEWASMT    romdata   0x30000a    program   0x000001
.config_30000B_BUILD/DEFAULT/PRODUCTION/NEWASMT    romdata   0x30000b    program   0x000001
.config_30000C_BUILD/DEFAULT/PRODUCTION/NEWASMT    romdata   0x30000c    program   0x000001
.config_30000D_BUILD/DEFAULT/PRODUCTION/NEWASMT    romdata   0x30000d    program   0x000001



                              Program Memory Usage 
                               Start         End      
                           ---------   ---------      
                            0x000000    0x000005      
                            0x000008    0x0000a3      
                            0x300001    0x300003      
                            0x300005    0x300006      
                            0x300008    0x30000d      
            173 out of 33048 program addresses used, program memory utilization is 0%



                              Symbols - Sorted by Name
                     Name    Address   Location    Storage File                     
                ---------  ---------  ---------  --------- ---------                
                     INIT   0x000086    program     static D:\code\MCU\Lab7.X\newAsmTemplate.asm
                      ISR   0x000004    program     static D:\code\MCU\Lab7.X\newAsmTemplate.asm
                     MAIN   0x0000a0    program     static D:\code\MCU\Lab7.X\newAsmTemplate.asm
                  _1LOOP1   0x000014    program     static D:\code\MCU\Lab7.X\newAsmTemplate.asm
                  _1LOOP2   0x000010    program     static D:\code\MCU\Lab7.X\newAsmTemplate.asm
                  _2LOOP1   0x000032    program     static D:\code\MCU\Lab7.X\newAsmTemplate.asm
                  _2LOOP2   0x00002e    program     static D:\code\MCU\Lab7.X\newAsmTemplate.asm
                  _3LOOP1   0x000050    program     static D:\code\MCU\Lab7.X\newAsmTemplate.asm
                  _3LOOP2   0x00004c    program     static D:\code\MCU\Lab7.X\newAsmTemplate.asm
                  _4LOOP1   0x00006e    program     static D:\code\MCU\Lab7.X\newAsmTemplate.asm
                  _4LOOP2   0x00006a    program     static D:\code\MCU\Lab7.X\newAsmTemplate.asm



                              Symbols - Sorted by Address
                     Name    Address   Location    Storage File                     
                ---------  ---------  ---------  --------- ---------                
                      ISR   0x000004    program     static D:\code\MCU\Lab7.X\newAsmTemplate.asm
                  _1LOOP2   0x000010    program     static D:\code\MCU\Lab7.X\newAsmTemplate.asm
                  _1LOOP1   0x000014    program     static D:\code\MCU\Lab7.X\newAsmTemplate.asm
                  _2LOOP2   0x00002e    program     static D:\code\MCU\Lab7.X\newAsmTemplate.asm
                  _2LOOP1   0x000032    program     static D:\code\MCU\Lab7.X\newAsmTemplate.asm
                  _3LOOP2   0x00004c    program     static D:\code\MCU\Lab7.X\newAsmTemplate.asm
                  _3LOOP1   0x000050    program     static D:\code\MCU\Lab7.X\newAsmTemplate.asm
                  _4LOOP2   0x00006a    program     static D:\code\MCU\Lab7.X\newAsmTemplate.asm
                  _4LOOP1   0x00006e    program     static D:\code\MCU\Lab7.X\newAsmTemplate.asm
                     INIT   0x000086    program     static D:\code\MCU\Lab7.X\newAsmTemplate.asm
                     MAIN   0x0000a0    program     static D:\code\MCU\Lab7.X\newAsmTemplate.asm


